---
source: crates/vitte-cli/tests/cli_syntax.rs
assertion_line: 24
expression: "format!(\"status: {status}\\nstdout:\\n{stdout}\\\n            \\n---- stderr ----\\n{stderr}\")"
---
status: 1
stdout:

---- stderr ----
[1m[31merror[COMPILE100][39m[0m [31mLe hook de compilation a retourn√© une erreur.[39m
[1m[34mnote[39m[0m d√©tail: Erreur de parsing: attendu: `fn`, `const`, `struct` ou `enum` @Span { source: SourceId(0), start: Pos(0), end: Pos(6) }
[1m[32mhelp[39m[0m Activez les logs (RUST_LOG=debug) ou recompilez avec `--features vm` pour utiliser le compilateur de r√©f√©rence.
error: √©chec d'ex√©cution de la commande: error[COMPILE100]: Le hook de compilation a retourn√© une erreur.
