---
source: crates/vitte-cli/tests/cli_syntax.rs
assertion_line: 23
expression: "format!(\"status: {status}\\nstdout:\\n{stdout}\\\n            \\n---- stderr ----\\n{stderr}\")"
---
status: 0
stdout:
Lister les modules compil√©s depuis `vitte-modules`

Usage: vitte modules [OPTIONS]

Options:
      --json            Sortie JSON (pretty-printed) au lieu du tableau texte
      --trace-registry  Trace le registre local (chemin, taille, timing)
  -h, --help            Print help

---- stderr ----
