---
source: crates/vitte-cli/tests/cli_syntax.rs
assertion_line: 24
expression: "format!(\"status: {status}\\nstdout:\\n{stdout}\\\n            \\n---- stderr ----\\n{stderr}\")"
---
status: 0
stdout:
DÃ©sassembler un bytecode vers du texte

Usage: vitte disasm [OPTIONS] [INPUT]

Arguments:
  [INPUT]  Bytecode

Options:
  -o, --output <OUTPUT>    Sortie texte (stdout si omis)
      --profile <PROFILE>  Profil d'environnement (dev ou release) [default: dev] [possible values: dev, release]
      --lang <LANG>        Langue pour les messages utilisateur [possible values: en, fr]
  -h, --help               Print help

---- stderr ----
