---
source: crates/vitte-cli/tests/cli_syntax.rs
assertion_line: 24
expression: "format!(\"status: {status}\\nstdout:\\n{stdout}\\\n            \\n---- stderr ----\\n{stderr}\")"
---
status: 0
stdout:
Exécuter un bytecode (ou compiler puis exécuter avec --auto-compile)

Usage: vitte run [OPTIONS] [PROGRAM] [-- <ARGS>...]

Arguments:
  [PROGRAM]  Programme (bytecode .vitbc) ou source si --auto-compile
  [ARGS]...  Pass-through des arguments du programme (après --)

Options:
      --auto-compile       Compiler d'abord si `program` est une source (ou si omis => stdin)
  -O, --optimize           Optimiser la compilation auto
      --time               Afficher le temps d'exécution
      --profile <PROFILE>  Profil d'environnement (dev ou release) [default: dev] [possible values: dev, release]
      --lang <LANG>        Langue pour les messages utilisateur [possible values: en, fr]
  -h, --help               Print help

---- stderr ----
