---
source: tests/src/lib.rs
assertion_line: 380
expression: norm
---
Kw(Fn)@0..2
Ident("factorial")@3..12
LParen@12..13
Ident("n")@13..14
Colon@14..15
Ident("i64")@16..19
RParen@19..20
Arrow@21..23
Ident("i64")@24..27
LBrace@28..29
Kw(If)@34..36
LParen@37..38
Ident("n")@38..39
Le@40..42
Int(1)@43..44
RParen@44..45
LBrace@46..47
Kw(Return)@56..62
Int(1)@63..64
Semi@64..65
RBrace@70..71
Kw(Return)@76..82
Ident("n")@83..84
Star@85..86
Ident("factorial")@87..96
LParen@96..97
Ident("n")@97..98
Minus@99..100
Int(1)@101..102
RParen@102..103
Semi@103..104
RBrace@105..106
Kw(Fn)@108..110
Ident("main")@111..115
LParen@115..116
RParen@116..117
LBrace@118..119
Kw(Let)@124..127
Ident("value")@128..133
Colon@133..134
Ident("i64")@135..138
Eq@139..140
Ident("factorial")@141..150
LParen@150..151
Int(5)@151..152
RParen@152..153
Semi@153..154
Kw(If)@159..161
LParen@162..163
Ident("value")@163..168
Gt@169..170
Int(0)@171..172
RParen@172..173
LBrace@174..175
Ident("print")@184..189
LParen@189..190
Ident("value")@190..195
RParen@195..196
Semi@196..197
RBrace@202..203
Kw(Else)@204..208
LBrace@209..210
Ident("print")@219..224
LParen@224..225
Int(0)@225..226
RParen@226..227
Semi@227..228
RBrace@233..234
RBrace@235..236
Eof@237..237
